disk-usage-summary

===========
Host: SAN Management
-----------
C:\: 10%
D:\: 0%
E:\: 30%
===========
Host: GMS Server 02
-----------
===========
Host: IIS_1
-----------
C:\: 20%
D:\: 0%
===========
